aa
aal
aalii
aam
aardvark
aardwolf
Afrikaans
ahaaina
Alcaaba
amaas
assbaa
baa
baahling
Baal
baal
Baalath
Baalish
Baalism
Baalist
Baalite
Baalitical
Baalize
Baalshem
baar
Balaam
Balaamite
Balaamitical
balmacaan
Bastaard
bataan
baviaantje
bazaar
berghaan
Bilaan
caam
caama
caaming
caapeba
caatinga
cabaan
Canaan
Canaanite
Canaanitess
Canaanitic
Canaanitish
chaa
daalder
Danaan
encraal
enkraal
golandaas
Graafian
haab
haaf
heemraad
Isaac
Jaalin
knorhaan
kraal
laager
laang
Landsmaal
maam
maamselle
macaasim
malaanonang
molengraaffite
mushaa
naa
naam
Naaman
Naassenes
nagmaal
paal
paar
paauw
paraaminobenzoic
praam
raad
raash
reaal
Rigsmaal
Riksmaal
saa
Saan
Saarbrucken
salaam
salaamlike
Sangraal
saraad
schaapsteker
schoolmaam
schoolmaamish
Senaah
shaatnez
skokiaan
springhaas
staab
Staatsrat
taa
Taal
Taalbond
taar
Takhaar
taysaam
teewhaap
tetraamylose
Transvaal
Transvaaler
Transvaalian
Tzaam
vaagmer
vaalite
Vaalpens
Waac
waag
waapa
waar
Waasi
