# Searching databases __before__ append...
dn: olcDatabase={-1}frontend,cn=config
objectClass: olcDatabaseConfig
objectClass: olcFrontendConfig
olcDatabase: {-1}frontend
olcLastMod: TRUE
olcMaxDerefDepth: 0
olcReadOnly: FALSE
olcSchemaDN: cn=Subschema

dn: olcDatabase={0}config,cn=config
objectClass: olcDatabaseConfig
olcDatabase: {0}config
olcLastMod: TRUE
olcMaxDerefDepth: 15
olcReadOnly: FALSE
olcRootDN: cn=config
olcRootPW: config

dn: olcDatabase={1}monitor,cn=config
objectClass: olcDatabaseConfig
olcDatabase: {1}monitor
olcLastMod: TRUE
olcMaxDerefDepth: 15
olcReadOnly: FALSE

# Searching databases __after__ append...
dn: olcDatabase={-1}frontend,cn=config
objectClass: olcDatabaseConfig
objectClass: olcFrontendConfig
olcDatabase: {-1}frontend
olcLastMod: TRUE
olcMaxDerefDepth: 0
olcReadOnly: FALSE
olcSchemaDN: cn=Subschema

dn: olcDatabase={0}config,cn=config
objectClass: olcDatabaseConfig
olcDatabase: {0}config
olcLastMod: TRUE
olcMaxDerefDepth: 15
olcReadOnly: FALSE
olcRootDN: cn=config
olcRootPW: config

dn: olcDatabase={1}monitor,cn=config
objectClass: olcDatabaseConfig
olcDatabase: {1}monitor
olcLastMod: TRUE
olcMaxDerefDepth: 15
olcReadOnly: FALSE

dn: olcDatabase={2}bdb,cn=config
objectClass: olcDatabaseConfig
objectClass: olcBdbConfig
olcDatabase: {2}bdb
olcSuffix: dc=com
olcDbDirectory: ./testrun/db.1.a

# Searching databases __after__ insert...
dn: olcDatabase={-1}frontend,cn=config
objectClass: olcDatabaseConfig
objectClass: olcFrontendConfig
olcDatabase: {-1}frontend
olcLastMod: TRUE
olcMaxDerefDepth: 0
olcReadOnly: FALSE
olcSchemaDN: cn=Subschema

dn: olcDatabase={0}config,cn=config
objectClass: olcDatabaseConfig
olcDatabase: {0}config
olcLastMod: TRUE
olcMaxDerefDepth: 15
olcReadOnly: FALSE
olcRootDN: cn=config
olcRootPW: config

dn: olcDatabase={1}bdb,cn=config
objectClass: olcDatabaseConfig
objectClass: olcBdbConfig
olcDatabase: {1}bdb
olcSuffix: dc=org
olcDbDirectory: ./testrun/db.2.a

dn: olcDatabase={2}monitor,cn=config
objectClass: olcDatabaseConfig
olcDatabase: {2}monitor
olcLastMod: TRUE
olcMaxDerefDepth: 15
olcReadOnly: FALSE

dn: olcDatabase={3}bdb,cn=config
objectClass: olcDatabaseConfig
objectClass: olcBdbConfig
olcDatabase: {3}bdb
olcSuffix: dc=com
olcDbDirectory: ./testrun/db.1.a

